// Jest Snapshot v1, https://goo.gl/fbAQLP

exports[`test statement theater 1`] = `
"Statement for BigCo
Hamlet: $650.00 (55 seats)
As you like it: $580.00 (35 seats)
Othello: $500.00 (40 seats)
Amount owed is $1,730.00
You earned 47 credits.
"
`;
